<?xml version="1.0" encoding="utf-8"?>
<TestRun id="5b73629a-f6a8-4ed9-8fdc-e1404832515c" name="EdwinLiu@LDR-UAV 2026-09-07 13:11:01" runUser="AzureAD\EdwinLiu" xmlns="http://microsoft.com/schemas/VisualStudio/TeamTest/2010">
  <Times creation="2026-09-07T13:11:01.2572657+08:00" queuing="2026-09-07T13:11:01.2572659+08:00" start="2026-09-07T13:10:59.3922971+08:00" finish="2026-09-07T13:11:01.5682183+08:00" />
  <TestSettings name="default" id="f21777ec-52d3-4f54-ab0c-fdefa09ae0bc">
    <Deployment runDeploymentRoot="EdwinLiu_LDR-UAV_2026-09-07_13_11_01" />
  </TestSettings>
  <Results>
    <UnitTestResult executionId="8825e012-6317-4a63-843f-a31e906734c4" testId="22e835af-8547-625b-8f0c-485658d59c9a" testName="DeclaredSchemaCompatibilityRangeIsEmittedButUnsupportedDefinitionIsRejected" computerName="LDR-UAV" duration="00:00:00.6795750" startTime="2026-09-07T13:11:00.0113258+08:00" endTime="2026-09-07T13:11:00.6908652+08:00" testType="13cdc9d9-ddb5-4fa4-a97d-d965ccfc6d4b" outcome="Passed" testListId="8c84fa94-04c1-424b-9868-57a2d4851a1d" relativeResultsDirectory="8825e012-6317-4a63-843f-a31e906734c4" />
    <UnitTestResult executionId="84da8514-054e-47eb-921e-32f86613924a" testId="f04fdab3-69fc-b639-dce0-18f879554bee" testName="UnsupportedProductionStorageOptionsAreRejected(&quot;PaddedRecordSize = 128&quot;)" computerName="LDR-UAV" duration="00:00:00.0442610" startTime="2026-09-07T13:11:01.2812714+08:00" endTime="2026-09-07T13:11:01.3255325+08:00" testType="13cdc9d9-ddb5-4fa4-a97d-d965ccfc6d4b" outcome="Passed" testListId="8c84fa94-04c1-424b-9868-57a2d4851a1d" relativeResultsDirectory="84da8514-054e-47eb-921e-32f86613924a" />
    <UnitTestResult executionId="88532626-46ae-4504-a6f2-07ef36837233" testId="ae0bba45-f29d-0493-dbf8-00b518a799fa" testName="NonFactoryProducesDlcgen001" computerName="LDR-UAV" duration="00:00:00.0398390" startTime="2026-09-07T13:11:01.4343389+08:00" endTime="2026-09-07T13:11:01.4741774+08:00" testType="13cdc9d9-ddb5-4fa4-a97d-d965ccfc6d4b" outcome="Passed" testListId="8c84fa94-04c1-424b-9868-57a2d4851a1d" relativeResultsDirectory="88532626-46ae-4504-a6f2-07ef36837233" />
    <UnitTestResult executionId="ed0480de-9eac-4977-8386-3e4f81816fdc" testId="aaf9eb70-b32f-3884-680a-15191df91391" testName="TwoDifferentWorkloadSchemasEmitAllBoundedScaffoldsAndCompile" computerName="LDR-UAV" duration="00:00:00.1213410" startTime="2026-09-07T13:11:01.0689007+08:00" endTime="2026-09-07T13:11:01.1902411+08:00" testType="13cdc9d9-ddb5-4fa4-a97d-d965ccfc6d4b" outcome="Passed" testListId="8c84fa94-04c1-424b-9868-57a2d4851a1d" relativeResultsDirectory="ed0480de-9eac-4977-8386-3e4f81816fdc" />
    <UnitTestResult executionId="f809f3d8-062d-4926-bb42-b1545eaf57b9" testId="79f89a9b-646d-a172-9c55-98793a8b2ae1" testName="UnsupportedProductionStorageOptionsAreRejected(&quot;GeneratePackedFloat4 = true&quot;)" computerName="LDR-UAV" duration="00:00:00.0505990" startTime="2026-09-07T13:11:01.1902949+08:00" endTime="2026-09-07T13:11:01.2408935+08:00" testType="13cdc9d9-ddb5-4fa4-a97d-d965ccfc6d4b" outcome="Passed" testListId="8c84fa94-04c1-424b-9868-57a2d4851a1d" relativeResultsDirectory="f809f3d8-062d-4926-bb42-b1545eaf57b9" />
    <UnitTestResult executionId="c1e010cb-c113-4f6b-9965-0c0137e0afd2" testId="314ea59d-692c-4674-44b5-c1cba4d40b0f" testName="DuplicateSchemaIdentityProducesDlcgen106" computerName="LDR-UAV" duration="00:00:00.0598750" startTime="2026-09-07T13:11:00.7438306+08:00" endTime="2026-09-07T13:11:00.8037049+08:00" testType="13cdc9d9-ddb5-4fa4-a97d-d965ccfc6d4b" outcome="Passed" testListId="8c84fa94-04c1-424b-9868-57a2d4851a1d" relativeResultsDirectory="c1e010cb-c113-4f6b-9965-0c0137e0afd2" />
    <UnitTestResult executionId="e8da6516-8422-4d35-a76c-db8c408565e2" testId="e89a999f-341c-586e-75be-8c33216ed027" testName="DuplicateOrderAndUnknownSemanticsProduceDiagnostics" computerName="LDR-UAV" duration="00:00:00.0520960" startTime="2026-09-07T13:11:00.6917054+08:00" endTime="2026-09-07T13:11:00.7438009+08:00" testType="13cdc9d9-ddb5-4fa4-a97d-d965ccfc6d4b" outcome="Passed" testListId="8c84fa94-04c1-424b-9868-57a2d4851a1d" relativeResultsDirectory="e8da6516-8422-4d35-a76c-db8c408565e2" />
    <UnitTestResult executionId="e611cc67-dd8f-46e6-b005-e2489492fab4" testId="eed48840-31d7-aba0-5103-bb55585bd58d" testName="ValidFactoriesEmitDirectConstructionInDeterministicOrder" computerName="LDR-UAV" duration="00:00:00.0429090" startTime="2026-09-07T13:11:01.4741970+08:00" endTime="2026-09-07T13:11:01.5171055+08:00" testType="13cdc9d9-ddb5-4fa4-a97d-d965ccfc6d4b" outcome="Passed" testListId="8c84fa94-04c1-424b-9868-57a2d4851a1d" relativeResultsDirectory="e611cc67-dd8f-46e6-b005-e2489492fab4" />
    <UnitTestResult executionId="1f0885fb-597e-45c3-a3db-fe593a270846" testId="619a021c-fd85-4cea-5465-07547beef96b" testName="UnsupportedProductionStorageOptionsAreRejected(&quot;PaddedRecordSize = 32&quot;)" computerName="LDR-UAV" duration="00:00:00.0403289" startTime="2026-09-07T13:11:01.2409174+08:00" endTime="2026-09-07T13:11:01.2812463+08:00" testType="13cdc9d9-ddb5-4fa4-a97d-d965ccfc6d4b" outcome="Passed" testListId="8c84fa94-04c1-424b-9868-57a2d4851a1d" relativeResultsDirectory="1f0885fb-597e-45c3-a3db-fe593a270846" />
    <UnitTestResult executionId="a1e1fa46-a29a-4a51-a142-b83d91917393" testId="78fc33bd-a210-5ed1-76da-b31f237b3618" testName="ExplicitLayoutAndFieldOffsetsProduceDlcgen104" computerName="LDR-UAV" duration="00:00:00.0452570" startTime="2026-09-07T13:11:00.8037288+08:00" endTime="2026-09-07T13:11:00.8489857+08:00" testType="13cdc9d9-ddb5-4fa4-a97d-d965ccfc6d4b" outcome="Passed" testListId="8c84fa94-04c1-424b-9868-57a2d4851a1d" relativeResultsDirectory="a1e1fa46-a29a-4a51-a142-b83d91917393" />
    <UnitTestResult executionId="6faaeb99-296c-4c2f-895b-6772a819ba47" testId="0c1c3aaf-21e4-d791-951a-bb93d9ad3f51" testName="OutputIsDeterministicAcrossDeclarationOrder" computerName="LDR-UAV" duration="00:00:00.1781889" startTime="2026-09-07T13:11:00.8490105+08:00" endTime="2026-09-07T13:11:01.0271987+08:00" testType="13cdc9d9-ddb5-4fa4-a97d-d965ccfc6d4b" outcome="Passed" testListId="8c84fa94-04c1-424b-9868-57a2d4851a1d" relativeResultsDirectory="6faaeb99-296c-4c2f-895b-6772a819ba47" />
    <UnitTestResult executionId="4bff6f46-0ae3-49a7-9db8-ad1df79b5bf0" testId="813dcf97-6978-d2e6-4faf-e368f1a979d6" testName="ReferenceAndNestedFieldTypesProduceDlcgen102" computerName="LDR-UAV" duration="00:00:00.0416539" startTime="2026-09-07T13:11:01.0272214+08:00" endTime="2026-09-07T13:11:01.0688754+08:00" testType="13cdc9d9-ddb5-4fa4-a97d-d965ccfc6d4b" outcome="Passed" testListId="8c84fa94-04c1-424b-9868-57a2d4851a1d" relativeResultsDirectory="4bff6f46-0ae3-49a7-9db8-ad1df79b5bf0" />
    <UnitTestResult executionId="4dbca405-9497-4dcb-b744-8b43ca62dda5" testId="4a37e138-230a-2c6d-72da-1bf9eac09ff9" testName="AssemblyWithoutRegistrationsProducesNoSource" computerName="LDR-UAV" duration="00:00:00.0423590" startTime="2026-09-07T13:11:01.3268990+08:00" endTime="2026-09-07T13:11:01.3692576+08:00" testType="13cdc9d9-ddb5-4fa4-a97d-d965ccfc6d4b" outcome="Passed" testListId="8c84fa94-04c1-424b-9868-57a2d4851a1d" relativeResultsDirectory="4dbca405-9497-4dcb-b744-8b43ca62dda5" />
    <UnitTestResult executionId="caba05c8-f569-4bdd-8605-99840be0828f" testId="7899a4e9-aa38-3550-5e3c-046ff086c205" testName="DuplicateFactoryProducesDlcgen002" computerName="LDR-UAV" duration="00:00:00.0650370" startTime="2026-09-07T13:11:01.3692798+08:00" endTime="2026-09-07T13:11:01.4343168+08:00" testType="13cdc9d9-ddb5-4fa4-a97d-d965ccfc6d4b" outcome="Passed" testListId="8c84fa94-04c1-424b-9868-57a2d4851a1d" relativeResultsDirectory="caba05c8-f569-4bdd-8605-99840be0828f" />
  </Results>
  <TestDefinitions>
    <UnitTest name="NonFactoryProducesDlcgen001" storage="c:\users\edwinliu\downloads\opt-next-layout-generator\packages\com.yanagisawa.data-layout-calibrator\sourcegenerators~\tests\bin\release\net8.0\yanagisawa.datalayoutcalibrator.sourcegenerator.tests.dll" id="ae0bba45-f29d-0493-dbf8-00b518a799fa">
      <Execution id="88532626-46ae-4504-a6f2-07ef36837233" />
      <TestMethod codeBase="C:\Users\EdwinLiu\Downloads\opt-next-layout-generator\Packages\com.yanagisawa.data-layout-calibrator\SourceGenerators~\Tests\bin\Release\net8.0\Yanagisawa.DataLayoutCalibrator.SourceGenerator.Tests.dll" adapterTypeName="executor://nunit3testexecutor/" className="Yanagisawa.DataLayoutCalibrator.SourceGenerator.Tests.ScenarioRegistryGeneratorTests" name="NonFactoryProducesDlcgen001" />
    </UnitTest>
    <UnitTest name="DuplicateFactoryProducesDlcgen002" storage="c:\users\edwinliu\downloads\opt-next-layout-generator\packages\com.yanagisawa.data-layout-calibrator\sourcegenerators~\tests\bin\release\net8.0\yanagisawa.datalayoutcalibrator.sourcegenerator.tests.dll" id="7899a4e9-aa38-3550-5e3c-046ff086c205">
      <Execution id="caba05c8-f569-4bdd-8605-99840be0828f" />
      <TestMethod codeBase="C:\Users\EdwinLiu\Downloads\opt-next-layout-generator\Packages\com.yanagisawa.data-layout-calibrator\SourceGenerators~\Tests\bin\Release\net8.0\Yanagisawa.DataLayoutCalibrator.SourceGenerator.Tests.dll" adapterTypeName="executor://nunit3testexecutor/" className="Yanagisawa.DataLayoutCalibrator.SourceGenerator.Tests.ScenarioRegistryGeneratorTests" name="DuplicateFactoryProducesDlcgen002" />
    </UnitTest>
    <UnitTest name="ReferenceAndNestedFieldTypesProduceDlcgen102" storage="c:\users\edwinliu\downloads\opt-next-layout-generator\packages\com.yanagisawa.data-layout-calibrator\sourcegenerators~\tests\bin\release\net8.0\yanagisawa.datalayoutcalibrator.sourcegenerator.tests.dll" id="813dcf97-6978-d2e6-4faf-e368f1a979d6">
      <Execution id="4bff6f46-0ae3-49a7-9db8-ad1df79b5bf0" />
      <TestMethod codeBase="C:\Users\EdwinLiu\Downloads\opt-next-layout-generator\Packages\com.yanagisawa.data-layout-calibrator\SourceGenerators~\Tests\bin\Release\net8.0\Yanagisawa.DataLayoutCalibrator.SourceGenerator.Tests.dll" adapterTypeName="executor://nunit3testexecutor/" className="Yanagisawa.DataLayoutCalibrator.SourceGenerator.Tests.DataLayoutScaffoldGeneratorTests" name="ReferenceAndNestedFieldTypesProduceDlcgen102" />
    </UnitTest>
    <UnitTest name="DeclaredSchemaCompatibilityRangeIsEmittedButUnsupportedDefinitionIsRejected" storage="c:\users\edwinliu\downloads\opt-next-layout-generator\packages\com.yanagisawa.data-layout-calibrator\sourcegenerators~\tests\bin\release\net8.0\yanagisawa.datalayoutcalibrator.sourcegenerator.tests.dll" id="22e835af-8547-625b-8f0c-485658d59c9a">
      <Execution id="8825e012-6317-4a63-843f-a31e906734c4" />
      <TestMethod codeBase="C:\Users\EdwinLiu\Downloads\opt-next-layout-generator\Packages\com.yanagisawa.data-layout-calibrator\SourceGenerators~\Tests\bin\Release\net8.0\Yanagisawa.DataLayoutCalibrator.SourceGenerator.Tests.dll" adapterTypeName="executor://nunit3testexecutor/" className="Yanagisawa.DataLayoutCalibrator.SourceGenerator.Tests.DataLayoutScaffoldGeneratorTests" name="DeclaredSchemaCompatibilityRangeIsEmittedButUnsupportedDefinitionIsRejected" />
    </UnitTest>
    <UnitTest name="OutputIsDeterministicAcrossDeclarationOrder" storage="c:\users\edwinliu\downloads\opt-next-layout-generator\packages\com.yanagisawa.data-layout-calibrator\sourcegenerators~\tests\bin\release\net8.0\yanagisawa.datalayoutcalibrator.sourcegenerator.tests.dll" id="0c1c3aaf-21e4-d791-951a-bb93d9ad3f51">
      <Execution id="6faaeb99-296c-4c2f-895b-6772a819ba47" />
      <TestMethod codeBase="C:\Users\EdwinLiu\Downloads\opt-next-layout-generator\Packages\com.yanagisawa.data-layout-calibrator\SourceGenerators~\Tests\bin\Release\net8.0\Yanagisawa.DataLayoutCalibrator.SourceGenerator.Tests.dll" adapterTypeName="executor://nunit3testexecutor/" className="Yanagisawa.DataLayoutCalibrator.SourceGenerator.Tests.DataLayoutScaffoldGeneratorTests" name="OutputIsDeterministicAcrossDeclarationOrder" />
    </UnitTest>
    <UnitTest name="TwoDifferentWorkloadSchemasEmitAllBoundedScaffoldsAndCompile" storage="c:\users\edwinliu\downloads\opt-next-layout-generator\packages\com.yanagisawa.data-layout-calibrator\sourcegenerators~\tests\bin\release\net8.0\yanagisawa.datalayoutcalibrator.sourcegenerator.tests.dll" id="aaf9eb70-b32f-3884-680a-15191df91391">
      <Execution id="ed0480de-9eac-4977-8386-3e4f81816fdc" />
      <TestMethod codeBase="C:\Users\EdwinLiu\Downloads\opt-next-layout-generator\Packages\com.yanagisawa.data-layout-calibrator\SourceGenerators~\Tests\bin\Release\net8.0\Yanagisawa.DataLayoutCalibrator.SourceGenerator.Tests.dll" adapterTypeName="executor://nunit3testexecutor/" className="Yanagisawa.DataLayoutCalibrator.SourceGenerator.Tests.DataLayoutScaffoldGeneratorTests" name="TwoDifferentWorkloadSchemasEmitAllBoundedScaffoldsAndCompile" />
    </UnitTest>
    <UnitTest name="UnsupportedProductionStorageOptionsAreRejected(&quot;PaddedRecordSize = 128&quot;)" storage="c:\users\edwinliu\downloads\opt-next-layout-generator\packages\com.yanagisawa.data-layout-calibrator\sourcegenerators~\tests\bin\release\net8.0\yanagisawa.datalayoutcalibrator.sourcegenerator.tests.dll" id="f04fdab3-69fc-b639-dce0-18f879554bee">
      <Execution id="84da8514-054e-47eb-921e-32f86613924a" />
      <TestMethod codeBase="C:\Users\EdwinLiu\Downloads\opt-next-layout-generator\Packages\com.yanagisawa.data-layout-calibrator\SourceGenerators~\Tests\bin\Release\net8.0\Yanagisawa.DataLayoutCalibrator.SourceGenerator.Tests.dll" adapterTypeName="executor://nunit3testexecutor/" className="Yanagisawa.DataLayoutCalibrator.SourceGenerator.Tests.DataLayoutScaffoldGeneratorTests" name="UnsupportedProductionStorageOptionsAreRejected(&quot;PaddedRecordSize = 128&quot;)" />
    </UnitTest>
    <UnitTest name="UnsupportedProductionStorageOptionsAreRejected(&quot;GeneratePackedFloat4 = true&quot;)" storage="c:\users\edwinliu\downloads\opt-next-layout-generator\packages\com.yanagisawa.data-layout-calibrator\sourcegenerators~\tests\bin\release\net8.0\yanagisawa.datalayoutcalibrator.sourcegenerator.tests.dll" id="79f89a9b-646d-a172-9c55-98793a8b2ae1">
      <Execution id="f809f3d8-062d-4926-bb42-b1545eaf57b9" />
      <TestMethod codeBase="C:\Users\EdwinLiu\Downloads\opt-next-layout-generator\Packages\com.yanagisawa.data-layout-calibrator\SourceGenerators~\Tests\bin\Release\net8.0\Yanagisawa.DataLayoutCalibrator.SourceGenerator.Tests.dll" adapterTypeName="executor://nunit3testexecutor/" className="Yanagisawa.DataLayoutCalibrator.SourceGenerator.Tests.DataLayoutScaffoldGeneratorTests" name="UnsupportedProductionStorageOptionsAreRejected(&quot;GeneratePackedFloat4 = true&quot;)" />
    </UnitTest>
    <UnitTest name="ExplicitLayoutAndFieldOffsetsProduceDlcgen104" storage="c:\users\edwinliu\downloads\opt-next-layout-generator\packages\com.yanagisawa.data-layout-calibrator\sourcegenerators~\tests\bin\release\net8.0\yanagisawa.datalayoutcalibrator.sourcegenerator.tests.dll" id="78fc33bd-a210-5ed1-76da-b31f237b3618">
      <Execution id="a1e1fa46-a29a-4a51-a142-b83d91917393" />
      <TestMethod codeBase="C:\Users\EdwinLiu\Downloads\opt-next-layout-generator\Packages\com.yanagisawa.data-layout-calibrator\SourceGenerators~\Tests\bin\Release\net8.0\Yanagisawa.DataLayoutCalibrator.SourceGenerator.Tests.dll" adapterTypeName="executor://nunit3testexecutor/" className="Yanagisawa.DataLayoutCalibrator.SourceGenerator.Tests.DataLayoutScaffoldGeneratorTests" name="ExplicitLayoutAndFieldOffsetsProduceDlcgen104" />
    </UnitTest>
    <UnitTest name="AssemblyWithoutRegistrationsProducesNoSource" storage="c:\users\edwinliu\downloads\opt-next-layout-generator\packages\com.yanagisawa.data-layout-calibrator\sourcegenerators~\tests\bin\release\net8.0\yanagisawa.datalayoutcalibrator.sourcegenerator.tests.dll" id="4a37e138-230a-2c6d-72da-1bf9eac09ff9">
      <Execution id="4dbca405-9497-4dcb-b744-8b43ca62dda5" />
      <TestMethod codeBase="C:\Users\EdwinLiu\Downloads\opt-next-layout-generator\Packages\com.yanagisawa.data-layout-calibrator\SourceGenerators~\Tests\bin\Release\net8.0\Yanagisawa.DataLayoutCalibrator.SourceGenerator.Tests.dll" adapterTypeName="executor://nunit3testexecutor/" className="Yanagisawa.DataLayoutCalibrator.SourceGenerator.Tests.ScenarioRegistryGeneratorTests" name="AssemblyWithoutRegistrationsProducesNoSource" />
    </UnitTest>
    <UnitTest name="ValidFactoriesEmitDirectConstructionInDeterministicOrder" storage="c:\users\edwinliu\downloads\opt-next-layout-generator\packages\com.yanagisawa.data-layout-calibrator\sourcegenerators~\tests\bin\release\net8.0\yanagisawa.datalayoutcalibrator.sourcegenerator.tests.dll" id="eed48840-31d7-aba0-5103-bb55585bd58d">
      <Execution id="e611cc67-dd8f-46e6-b005-e2489492fab4" />
      <TestMethod codeBase="C:\Users\EdwinLiu\Downloads\opt-next-layout-generator\Packages\com.yanagisawa.data-layout-calibrator\SourceGenerators~\Tests\bin\Release\net8.0\Yanagisawa.DataLayoutCalibrator.SourceGenerator.Tests.dll" adapterTypeName="executor://nunit3testexecutor/" className="Yanagisawa.DataLayoutCalibrator.SourceGenerator.Tests.ScenarioRegistryGeneratorTests" name="ValidFactoriesEmitDirectConstructionInDeterministicOrder" />
    </UnitTest>
    <UnitTest name="DuplicateOrderAndUnknownSemanticsProduceDiagnostics" storage="c:\users\edwinliu\downloads\opt-next-layout-generator\packages\com.yanagisawa.data-layout-calibrator\sourcegenerators~\tests\bin\release\net8.0\yanagisawa.datalayoutcalibrator.sourcegenerator.tests.dll" id="e89a999f-341c-586e-75be-8c33216ed027">
      <Execution id="e8da6516-8422-4d35-a76c-db8c408565e2" />
      <TestMethod codeBase="C:\Users\EdwinLiu\Downloads\opt-next-layout-generator\Packages\com.yanagisawa.data-layout-calibrator\SourceGenerators~\Tests\bin\Release\net8.0\Yanagisawa.DataLayoutCalibrator.SourceGenerator.Tests.dll" adapterTypeName="executor://nunit3testexecutor/" className="Yanagisawa.DataLayoutCalibrator.SourceGenerator.Tests.DataLayoutScaffoldGeneratorTests" name="DuplicateOrderAndUnknownSemanticsProduceDiagnostics" />
    </UnitTest>
    <UnitTest name="UnsupportedProductionStorageOptionsAreRejected(&quot;PaddedRecordSize = 32&quot;)" storage="c:\users\edwinliu\downloads\opt-next-layout-generator\packages\com.yanagisawa.data-layout-calibrator\sourcegenerators~\tests\bin\release\net8.0\yanagisawa.datalayoutcalibrator.sourcegenerator.tests.dll" id="619a021c-fd85-4cea-5465-07547beef96b">
      <Execution id="1f0885fb-597e-45c3-a3db-fe593a270846" />
      <TestMethod codeBase="C:\Users\EdwinLiu\Downloads\opt-next-layout-generator\Packages\com.yanagisawa.data-layout-calibrator\SourceGenerators~\Tests\bin\Release\net8.0\Yanagisawa.DataLayoutCalibrator.SourceGenerator.Tests.dll" adapterTypeName="executor://nunit3testexecutor/" className="Yanagisawa.DataLayoutCalibrator.SourceGenerator.Tests.DataLayoutScaffoldGeneratorTests" name="UnsupportedProductionStorageOptionsAreRejected(&quot;PaddedRecordSize = 32&quot;)" />
    </UnitTest>
    <UnitTest name="DuplicateSchemaIdentityProducesDlcgen106" storage="c:\users\edwinliu\downloads\opt-next-layout-generator\packages\com.yanagisawa.data-layout-calibrator\sourcegenerators~\tests\bin\release\net8.0\yanagisawa.datalayoutcalibrator.sourcegenerator.tests.dll" id="314ea59d-692c-4674-44b5-c1cba4d40b0f">
      <Execution id="c1e010cb-c113-4f6b-9965-0c0137e0afd2" />
      <TestMethod codeBase="C:\Users\EdwinLiu\Downloads\opt-next-layout-generator\Packages\com.yanagisawa.data-layout-calibrator\SourceGenerators~\Tests\bin\Release\net8.0\Yanagisawa.DataLayoutCalibrator.SourceGenerator.Tests.dll" adapterTypeName="executor://nunit3testexecutor/" className="Yanagisawa.DataLayoutCalibrator.SourceGenerator.Tests.DataLayoutScaffoldGeneratorTests" name="DuplicateSchemaIdentityProducesDlcgen106" />
    </UnitTest>
  </TestDefinitions>
  <TestEntries>
    <TestEntry testId="22e835af-8547-625b-8f0c-485658d59c9a" executionId="8825e012-6317-4a63-843f-a31e906734c4" testListId="8c84fa94-04c1-424b-9868-57a2d4851a1d" />
    <TestEntry testId="f04fdab3-69fc-b639-dce0-18f879554bee" executionId="84da8514-054e-47eb-921e-32f86613924a" testListId="8c84fa94-04c1-424b-9868-57a2d4851a1d" />
    <TestEntry testId="ae0bba45-f29d-0493-dbf8-00b518a799fa" executionId="88532626-46ae-4504-a6f2-07ef36837233" testListId="8c84fa94-04c1-424b-9868-57a2d4851a1d" />
    <TestEntry testId="aaf9eb70-b32f-3884-680a-15191df91391" executionId="ed0480de-9eac-4977-8386-3e4f81816fdc" testListId="8c84fa94-04c1-424b-9868-57a2d4851a1d" />
    <TestEntry testId="79f89a9b-646d-a172-9c55-98793a8b2ae1" executionId="f809f3d8-062d-4926-bb42-b1545eaf57b9" testListId="8c84fa94-04c1-424b-9868-57a2d4851a1d" />
    <TestEntry testId="314ea59d-692c-4674-44b5-c1cba4d40b0f" executionId="c1e010cb-c113-4f6b-9965-0c0137e0afd2" testListId="8c84fa94-04c1-424b-9868-57a2d4851a1d" />
    <TestEntry testId="e89a999f-341c-586e-75be-8c33216ed027" executionId="e8da6516-8422-4d35-a76c-db8c408565e2" testListId="8c84fa94-04c1-424b-9868-57a2d4851a1d" />
    <TestEntry testId="eed48840-31d7-aba0-5103-bb55585bd58d" executionId="e611cc67-dd8f-46e6-b005-e2489492fab4" testListId="8c84fa94-04c1-424b-9868-57a2d4851a1d" />
    <TestEntry testId="619a021c-fd85-4cea-5465-07547beef96b" executionId="1f0885fb-597e-45c3-a3db-fe593a270846" testListId="8c84fa94-04c1-424b-9868-57a2d4851a1d" />
    <TestEntry testId="78fc33bd-a210-5ed1-76da-b31f237b3618" executionId="a1e1fa46-a29a-4a51-a142-b83d91917393" testListId="8c84fa94-04c1-424b-9868-57a2d4851a1d" />
    <TestEntry testId="0c1c3aaf-21e4-d791-951a-bb93d9ad3f51" executionId="6faaeb99-296c-4c2f-895b-6772a819ba47" testListId="8c84fa94-04c1-424b-9868-57a2d4851a1d" />
    <TestEntry testId="813dcf97-6978-d2e6-4faf-e368f1a979d6" executionId="4bff6f46-0ae3-49a7-9db8-ad1df79b5bf0" testListId="8c84fa94-04c1-424b-9868-57a2d4851a1d" />
    <TestEntry testId="4a37e138-230a-2c6d-72da-1bf9eac09ff9" executionId="4dbca405-9497-4dcb-b744-8b43ca62dda5" testListId="8c84fa94-04c1-424b-9868-57a2d4851a1d" />
    <TestEntry testId="7899a4e9-aa38-3550-5e3c-046ff086c205" executionId="caba05c8-f569-4bdd-8605-99840be0828f" testListId="8c84fa94-04c1-424b-9868-57a2d4851a1d" />
  </TestEntries>
  <TestLists>
    <TestList name="Results Not in a List" id="8c84fa94-04c1-424b-9868-57a2d4851a1d" />
    <TestList name="All Loaded Results" id="19431567-8539-422a-85d7-44ee4e166bda" />
  </TestLists>
  <ResultSummary outcome="Completed">
    <Counters total="14" executed="14" passed="14" failed="0" error="0" timeout="0" aborted="0" inconclusive="0" passedButRunAborted="0" notRunnable="0" notExecuted="0" disconnected="0" warning="0" completed="0" inProgress="0" pending="0" />
    <Output>
      <StdOut>NUnit Adapter 4.6.0.0: Test execution started&#xD;
Running all tests in C:\Users\EdwinLiu\Downloads\opt-next-layout-generator\Packages\com.yanagisawa.data-layout-calibrator\SourceGenerators~\Tests\bin\Release\net8.0\Yanagisawa.DataLayoutCalibrator.SourceGenerator.Tests.dll&#xD;
   NUnit3TestExecutor discovered 14 of 14 NUnit test cases using Current Discovery mode, Non-Explicit run&#xD;
NUnit Adapter 4.6.0.0: Test execution complete&#xD;
</StdOut>
    </Output>
  </ResultSummary>
</TestRun>