Mono path[0] = 'C:/Users/EdwinLiu/Downloads/opt-next-layout-generator/Builds/windows-x64/mono-aot-evidence/DataLayoutCalibrator_Data/Managed'
Mono config path = 'C:/Users/EdwinLiu/Downloads/opt-next-layout-generator/Builds/windows-x64/mono-aot-evidence/MonoBleedingEdge/etc'
CodeReloadManager initialized
JobSystem: Invalid job-worker-count value 8 must be between 0->7
JobSystem: Clamping job-worker-count value 8 to 7
Input System module state changed to: Initialized.
[Physics::Module] Initialized fallback backend.
[Physics::Module] Id: 0xdecafbad
Initialize engine version: 6000.5.3f1 (c2eb47b3a2a9)
[Subsystems] Discovering subsystems at path C:/Users/EdwinLiu/Downloads/opt-next-layout-generator/Builds/windows-x64/mono-aot-evidence/DataLayoutCalibrator_Data/UnitySubsystems
Forcing GfxDevice: Null
GfxDevice: creating device client; kGfxThreadingModeNonThreaded
NullGfxDevice:
    Version:  NULL 1.0 [1.0]
    Renderer: Null Device
    Vendor:   Unity Technologies
Begin MonoManager ReloadAssembly
- Finished resetting the current domain, in  0.019 seconds
[Physics::Module] Selected backend.
[Physics::Module] Name: PhysX
[Physics::Module] Id: 0xf2b8ea05
[Physics::Module] SDK Version: 4.1.2
[Physics::Module] Integration Version: 1.0.0
[Physics::Module] Threading Mode: Multi-Threaded
Microsoft Media Foundation video decoding to texture disabled: graphics device is Null, only Direct3D 11 and Direct3D 12 (only on desktop) are supported for hardware-accelerated video decoding.
UnloadTime: 0.767600 ms
Generated production workload validation: passed=True, rows=1056, backend=Mono
[Physics::Module] Cleanup current backend.
[Physics::Module] Id: 0xf2b8ea05
Input System module state changed to: ShutdownInProgress.
Input Polling Thread exited.
Input System module state changed to: Shutdown.
CodeReloadManager destroyed
